
bandit1@melinda:~$ ls
-

bandit1@melinda:~$ ls -all
total 24
-rw-r-----   1 bandit2 bandit1   33 Nov 14  2014 -
drwxr-xr-x   2 root    root    4096 Nov 14  2014 .
drwxr-xr-x 167 root    root    4096 Jul  9 16:27 ..
-rw-r--r--   1 root    root     220 Apr  9  2014 .bash_logout
-rw-r--r--   1 root    root    3637 Apr  9  2014 .bashrc
-rw-r--r--   1 root    root     675 Apr  9  2014 .profile

bandit1@melinda:~$ cat -
^C

cat "-"
^C

bandit1@melinda:~$ ./-
-bash: ./-: Permission denied

bandit1@melinda:~$ file ./-
./-: ASCII text

bandit1@melinda:~$ vi -
Vim: Reading from stdin...
^C
^Z
[1]+  Stopped                 vi -

bandit1@melinda:~$ vi ./-

bandit1@melinda:~$ cat ./-
CV1DtqXWVFXTvM2F0k09SHz0YwRINYA9


